Flutter crash report.
Please report a bug at https://github.com/flutter/flutter/issues.

## command

flutter run

## exception

PathNotFoundException: PathNotFoundException: Cannot copy file to '/Users/yada/Documents/flutter/bin/cache/artifacts/engine/ios/LICENSE', path = '/Users/yada/Documents/flutter/LICENSE' (OS Error: No such file or directory, errno = 2)

```
#0      _checkForErrorResponse (dart:io/common.dart:58:9)
#1      _File.copy.<anonymous closure> (dart:io/file_impl.dart:409:7)
#2      _rootRunUnary (dart:async/zone.dart:1538:47)
<asynchronous suspension>
#3      ForwardingFile.copy (package:file/src/forwarding/forwarding_file.dart:29:51)
<asynchronous suspension>
#4      ForwardingFile.copy (package:file/src/forwarding/forwarding_file.dart:29:51)
<asynchronous suspension>
#5      EngineCachedArtifact.updateInner (package:flutter_tools/src/cache.dart:1013:7)
<asynchronous suspension>
#6      CachedArtifact.update (package:flutter_tools/src/cache.dart:896:5)
<asynchronous suspension>
#7      Cache.updateAll (package:flutter_tools/src/cache.dart:767:9)
<asynchronous suspension>
#8      FlutterCommand.verifyThenRunCommand (package:flutter_tools/src/runner/flutter_command.dart:1857:7)
<asynchronous suspension>
#9      FlutterCommand.run.<anonymous closure> (package:flutter_tools/src/runner/flutter_command.dart:1563:27)
<asynchronous suspension>
#10     AppContext.run.<anonymous closure> (package:flutter_tools/src/base/context.dart:154:19)
<asynchronous suspension>
#11     CommandRunner.runCommand (package:args/command_runner.dart:212:13)
<asynchronous suspension>
#12     FlutterCommandRunner.runCommand.<anonymous closure> (package:flutter_tools/src/runner/flutter_command_runner.dart:494:9)
<asynchronous suspension>
#13     AppContext.run.<anonymous closure> (package:flutter_tools/src/base/context.dart:154:19)
<asynchronous suspension>
#14     FlutterCommandRunner.runCommand (package:flutter_tools/src/runner/flutter_command_runner.dart:431:5)
<asynchronous suspension>
#15     run.<anonymous closure>.<anonymous closure> (package:flutter_tools/runner.dart:98:11)
<asynchronous suspension>
#16     AppContext.run.<anonymous closure> (package:flutter_tools/src/base/context.dart:154:19)
<asynchronous suspension>
#17     main (package:flutter_tools/executable.dart:102:3)
<asynchronous suspension>
```

## flutter doctor

```
[32m[✓][39m Flutter (Channel stable, 3.32.8, on macOS 26.1 25B78 darwin-arm64, locale th-TH) [2.1s]
    [32m•[39m Flutter version 3.32.8 on channel stable at /Users/yada/Documents/flutter
    [32m•[39m Upstream repository https://github.com/flutter/flutter.git
    [32m•[39m Framework revision edada7c56e (9 months ago), 2025-07-25 14:08:03 +0000
    [32m•[39m Engine revision ef0cd00091
    [32m•[39m Dart version 3.8.1
    [32m•[39m DevTools version 2.45.1

[33m[!][39m Android toolchain - develop for Android devices (Android SDK version 36.1.0) [4.9s]
    [32m•[39m Android SDK at /Users/yada/Library/Android/sdk
    [32m•[39m Platform android-36.1, build-tools 36.1.0
    [32m•[39m Java binary at: /Applications/Android Studio.app/Contents/jbr/Contents/Home/bin/java
      This is the JDK bundled with the latest Android Studio installation on this machine.
      To manually set the JDK path, use: `flutter config --jdk-dir="path/to/jdk"`.
    [32m•[39m Java version OpenJDK Runtime Environment (build 21.0.10+-117844308-b1163.108)
    [33m![39m Some Android licenses not accepted. To resolve this, run: flutter doctor
      --android-licenses

[32m[✓][39m Xcode - develop for iOS and macOS (Xcode 16.4) [5.0s]
    [32m•[39m Xcode at /Applications/Xcode.app/Contents/Developer
    [32m•[39m Build 16F6
    [32m•[39m CocoaPods version 1.16.2

[32m[✓][39m Chrome - develop for the web [5ms]
    [32m•[39m Chrome at /Applications/Google Chrome.app/Contents/MacOS/Google Chrome

[32m[✓][39m Android Studio (version 2025.3) [5ms]
    [32m•[39m Android Studio at /Applications/Android Studio.app/Contents
    [32m•[39m Flutter plugin can be installed from:
      🔨 https://plugins.jetbrains.com/plugin/9212-flutter
    [32m•[39m Dart plugin can be installed from:
      🔨 https://plugins.jetbrains.com/plugin/6351-dart
    [32m•[39m Java version OpenJDK Runtime Environment (build 21.0.10+-117844308-b1163.108)

[32m[✓][39m VS Code (version 1.115.0) [3ms]
    [32m•[39m VS Code at /Applications/Visual Studio Code.app/Contents
    [32m•[39m Flutter extension version 3.132.0

[32m[✓][39m Connected device (3 available) [7.6s]
    [32m•[39m iPhone 16 Plus (mobile) • C56513F8-2C52-499F-9F5F-99629DD61109 • ios            •
      com.apple.CoreSimulator.SimRuntime.iOS-18-6 (simulator)
    [32m•[39m macOS (desktop)         • macos                                • darwin-arm64   •
      macOS 26.1 25B78 darwin-arm64
    [32m•[39m Chrome (web)            • chrome                               • web-javascript •
      Google Chrome 146.0.7680.178

[32m[✓][39m Network resources [1,498ms]
    [32m•[39m All expected network resources are available.

[33m![39m Doctor found issues in 1 category.
```
